$ git --version

$ git config --global user.name "samanta"
$ git config --global user.email ""

$ mkdir myproject
$ cd myproject

$ git init   #Initialized empty Git repository in /Users/user/myproject/.git/

$ ls
git/  myproject1/  README.md

$ ls -a
./  ../  .git/  git/  myproject1/  README.md

$ rm -rf .git 
$ ls -a 
$ git init


$ git branch
$ git add README.md
$ git add .

$ git commit -m "first commit"
$ git branch -M main
$ git remote add origin https://github.com/SAMANTA1401/GIT.git
$ git push -u origin main
$ git pull


$ git status
On branch main
Your branch is up to date with 'origin/main'.

Untracked files:
  (use "git add <file>..." to include in what will be committed)
        git/
        myproject1/

nothing added to commit but untracked files present (use "git add" to track)

$ git log
commit 174ea513f57cadb3f1f0699d594af8f5fa196453 (HEAD -> main, origin/main)
Author: Shubhankar Samanta <105944619+SAMANTA1401@users.noreply.github.com>
Date:   Mon Dec 16 14:23:03 2024 +0530

    Create .gitignore

commit 73e6a387512f490582b09f339d7da965138cca7e
Author: smanta1401 <105944619+SAMANTA1401@users.noreply.github.com>
Date:   Mon Dec 16 14:21:05 2024 +0530

    first commit

$ git add .
warning: in the working copy of 'git/command.txt', CRLF will be replaced by LF the next time Git touches it
warning: in the working copy of 'git/git.txt', CRLF will be replaced by LF the next time Git touches it
warning: in the working copy of 'myproject1/style.css', CRLF will be replaced by LF the next time Git touches it

$ git status
On branch main
Your branch is up to date with 'origin/main'.

Changes to be committed:
  (use "git restore --staged <file>..." to unstage)
        new file:   git/command.txt
        new file:   git/git.txt
        new file:   git/theory.ipynb
        new file:   myproject1/img1.jpg
        new file:   myproject1/style.css
        new file:   myproject1/test.html

Changes not staged for commit:
  (use "git add <file>..." to update what will be committed)
  (use "git restore <file>..." to discard changes in working directory)
        modified:   git/command.txt

$ git commit -m "second commit"
[main 7106cd0] second commit
 6 files changed, 239 insertions(+)
 create mode 100644 git/command.txt
 create mode 100644 git/git.txt
 create mode 100644 git/theory.ipynb
 create mode 100644 myproject1/img1.jpg
 create mode 100644 myproject1/style.css
 create mode 100644 myproject1/test.html


$ git config

$ git config --global user.name "samanta1401"
$ git config --global user.email "psamanta1401@gmail.com"

$ git config --list
$ history
$ clear 

$ git status
On branch main
Your branch is ahead of 'origin/main' by 1 commit.
  (use "git push" to publish your local commits)

Changes not staged for commit:
  (use "git add <file>..." to update what will be committed)
  (use "git restore <file>..." to discard changes in working directory)
        modified:   git/command.txt

no changes added to commit (use "git add" and/or "git commit -a")